============================= test session starts =============================
platform win32 -- Python 3.13.9, pytest-9.0.2, pluggy-1.5.0
rootdir: D:\Documents\Active\StrategyAnalysisPlatform\Main\services\api_gateway
configfile: pyproject.toml
plugins: anyio-4.12.0, cov-7.0.0
collected 2 items

services\api_gateway\tests\test_trades.py .F                             [100%]

================================== FAILURES ===================================
_______________________ test_rebuild_trades_with_regime _______________________

self = <sqlalchemy.engine.base.Connection object at 0x000002A3CFF990F0>
dialect = <sqlalchemy.dialects.sqlite.pysqlite.SQLiteDialect_pysqlite object at 0x000002A3CFD0AE90>
context = <sqlalchemy.dialects.sqlite.base.SQLiteExecutionContext object at 0x000002A3D00BA510>
statement = <sqlalchemy.dialects.sqlite.base.SQLiteCompiler object at 0x000002A3CFFB0950>
parameters = [('370ba41a-b7dc-4a2e-b2f0-79e9bf3b552f', None, 'ORD_REGIME', None, 'EURUSD', None, ...)]

    def _exec_single_context(
        self,
        dialect: Dialect,
        context: ExecutionContext,
        statement: Union[str, Compiled],
        parameters: Optional[_AnyMultiExecuteParams],
    ) -> CursorResult[Any]:
        """continue the _execute_context() method for a single DBAPI
        cursor.execute() or cursor.executemany() call.
    
        """
        if dialect.bind_typing is BindTyping.SETINPUTSIZES:
            generic_setinputsizes = context._prepare_set_input_sizes()
    
            if generic_setinputsizes:
                try:
                    dialect.do_set_input_sizes(
                        context.cursor, generic_setinputsizes, context
                    )
                except BaseException as e:
                    self._handle_dbapi_exception(
                        e, str(statement), parameters, None, context
                    )
    
        cursor, str_statement, parameters = (
            context.cursor,
            context.statement,
            context.parameters,
        )
    
        effective_parameters: Optional[_AnyExecuteParams]
    
        if not context.executemany:
            effective_parameters = parameters[0]
        else:
            effective_parameters = parameters
    
        if self._has_events or self.engine._has_events:
            for fn in self.dispatch.before_cursor_execute:
                str_statement, effective_parameters = fn(
                    self,
                    cursor,
                    str_statement,
                    effective_parameters,
                    context,
                    context.executemany,
                )
    
        if self._echo:
            self._log_info(str_statement)
    
            stats = context._get_cache_stats()
    
            if not self.engine.hide_parameters:
                self._log_info(
                    "[%s] %r",
                    stats,
                    sql_util._repr_params(
                        effective_parameters,
                        batches=10,
                        ismulti=context.executemany,
                    ),
                )
            else:
                self._log_info(
                    "[%s] [SQL parameters hidden due to hide_parameters=True]",
                    stats,
                )
    
        evt_handled: bool = False
        try:
            if context.execute_style is ExecuteStyle.EXECUTEMANY:
                effective_parameters = cast(
                    "_CoreMultiExecuteParams", effective_parameters
                )
                if self.dialect._has_events:
                    for fn in self.dialect.dispatch.do_executemany:
                        if fn(
                            cursor,
                            str_statement,
                            effective_parameters,
                            context,
                        ):
                            evt_handled = True
                            break
                if not evt_handled:
                    self.dialect.do_executemany(
                        cursor,
                        str_statement,
                        effective_parameters,
                        context,
                    )
            elif not effective_parameters and context.no_parameters:
                if self.dialect._has_events:
                    for fn in self.dialect.dispatch.do_execute_no_params:
                        if fn(cursor, str_statement, context):
                            evt_handled = True
                            break
                if not evt_handled:
                    self.dialect.do_execute_no_params(
                        cursor, str_statement, context
                    )
            else:
                effective_parameters = cast(
                    "_CoreSingleExecuteParams", effective_parameters
                )
                if self.dialect._has_events:
                    for fn in self.dialect.dispatch.do_execute:
                        if fn(
                            cursor,
                            str_statement,
                            effective_parameters,
                            context,
                        ):
                            evt_handled = True
                            break
                if not evt_handled:
>                   self.dialect.do_execute(
                        cursor, str_statement, effective_parameters, context
                    )

D:\Programs\Anaconda\Lib\site-packages\sqlalchemy\engine\base.py:1967: 
_ _ _ _ _ _ _ _ _ _ _ _ _ _ _ _ _ _ _ _ _ _ _ _ _ _ _ _ _ _ _ _ _ _ _ _ _ _ _ _

self = <sqlalchemy.dialects.sqlite.pysqlite.SQLiteDialect_pysqlite object at 0x000002A3CFD0AE90>
cursor = <sqlite3.Cursor object at 0x000002A3D009D5C0>
statement = 'INSERT INTO orders (run_id, strategy_id, order_id, parent_order_id, symbol, account_id, side, order_type, time_in_for...tatus, submit_utc, update_utc, client_tag, position_impact) VALUES (?, ?, ?, ?, ?, ?, ?, ?, ?, ?, ?, ?, ?, ?, ?, ?, ?)'
parameters = ('370ba41a-b7dc-4a2e-b2f0-79e9bf3b552f', None, 'ORD_REGIME', None, 'EURUSD', None, ...)
context = <sqlalchemy.dialects.sqlite.base.SQLiteExecutionContext object at 0x000002A3D00BA510>

    def do_execute(self, cursor, statement, parameters, context=None):
>       cursor.execute(statement, parameters)
E       sqlite3.IntegrityError: NOT NULL constraint failed: orders.order_type

D:\Programs\Anaconda\Lib\site-packages\sqlalchemy\engine\default.py:952: IntegrityError

The above exception was the direct cause of the following exception:

db_session = <sqlalchemy.orm.session.Session object at 0x000002A3CFD4D550>

    def test_rebuild_trades_with_regime(db_session):
        from quant_shared.models.models import RunSeries, RunSeriesBar, RunSeriesRunLink
    
        # 1. Setup Run and Series
        run_id = str(uuid.uuid4())
        series_id = "SERIES_1"
    
        # Run
        run = StrategyRun(
            run_id=run_id,
            instance_id="dummy_inst", # FK usually required but depending on test setup might be skippable or need mock
            run_type=RunType.BACKTEST
        )
        # We need a dummy instance to satisfy FK if strict
        instance = StrategyInstance(
            instance_id="dummy_inst",
            strategy_id="dummy_strat",
            parameters_json={},
            symbols_json='["EURUSD"]'
        )
        db_session.add(instance)
        db_session.add(run)
    
        # Series
        series = RunSeries(
            series_id=series_id,
            symbol="EURUSD",
            timeframe="1m"
        )
        db_session.add(series)
    
        # Link
        link = RunSeriesRunLink(
            run_id=run_id,
            series_id=series_id
        )
        db_session.add(link)
    
        # Bars (Regime calculation needs bars)
        # create some bars around the trade time
        base_time = datetime.utcnow()
        bars = []
        for i in range(20):
            b = RunSeriesBar(
                series_id=series_id,
                ts_utc=base_time - timedelta(minutes=20-i),
                open=1.1000 + (i*0.0001),
                high=1.1000 + (i*0.0001) + 0.0001,
                low=1.1000 + (i*0.0001) - 0.0001,
                close=1.1000 + (i*0.0001), # Uptrend
                volume=100
            )
            bars.append(b)
        db_session.add_all(bars)
    
        # Trade Data (Order + Exec)
        order_id = "ORD_REGIME"
        order = Order(run_id=run_id, order_id=order_id, symbol="EURUSD", side=Side.BUY, quantity=1, status=OrderStatus.FILLED)
        db_session.add(order)
    
        execution = Execution(
            execution_id="EXEC_REGIME",
            run_id=run_id,
            order_id=order_id,
            exec_utc=base_time - timedelta(minutes=5), # Inside the bar range
            price=1.1015,
            quantity=1,
        )
        db_session.add(execution)
    
>       db_session.commit()

services\api_gateway\tests\test_trades.py:172: 
_ _ _ _ _ _ _ _ _ _ _ _ _ _ _ _ _ _ _ _ _ _ _ _ _ _ _ _ _ _ _ _ _ _ _ _ _ _ _ _
D:\Programs\Anaconda\Lib\site-packages\sqlalchemy\orm\session.py:2030: in commit
    trans.commit(_to_root=True)
<string>:2: in commit
    ???
D:\Programs\Anaconda\Lib\site-packages\sqlalchemy\orm\state_changes.py:137: in _go
    ret_value = fn(self, *arg, **kw)
                ^^^^^^^^^^^^^^^^^^^^
D:\Programs\Anaconda\Lib\site-packages\sqlalchemy\orm\session.py:1311: in commit
    self._prepare_impl()
<string>:2: in _prepare_impl
    ???
D:\Programs\Anaconda\Lib\site-packages\sqlalchemy\orm\state_changes.py:137: in _go
    ret_value = fn(self, *arg, **kw)
                ^^^^^^^^^^^^^^^^^^^^
D:\Programs\Anaconda\Lib\site-packages\sqlalchemy\orm\session.py:1286: in _prepare_impl
    self.session.flush()
D:\Programs\Anaconda\Lib\site-packages\sqlalchemy\orm\session.py:4331: in flush
    self._flush(objects)
D:\Programs\Anaconda\Lib\site-packages\sqlalchemy\orm\session.py:4466: in _flush
    with util.safe_reraise():
         ^^^^^^^^^^^^^^^^^^^
D:\Programs\Anaconda\Lib\site-packages\sqlalchemy\util\langhelpers.py:224: in __exit__
    raise exc_value.with_traceback(exc_tb)
D:\Programs\Anaconda\Lib\site-packages\sqlalchemy\orm\session.py:4427: in _flush
    flush_context.execute()
D:\Programs\Anaconda\Lib\site-packages\sqlalchemy\orm\unitofwork.py:466: in execute
    rec.execute(self)
D:\Programs\Anaconda\Lib\site-packages\sqlalchemy\orm\unitofwork.py:642: in execute
    util.preloaded.orm_persistence.save_obj(
D:\Programs\Anaconda\Lib\site-packages\sqlalchemy\orm\persistence.py:93: in save_obj
    _emit_insert_statements(
D:\Programs\Anaconda\Lib\site-packages\sqlalchemy\orm\persistence.py:1233: in _emit_insert_statements
    result = connection.execute(
D:\Programs\Anaconda\Lib\site-packages\sqlalchemy\engine\base.py:1419: in execute
    return meth(
D:\Programs\Anaconda\Lib\site-packages\sqlalchemy\sql\elements.py:527: in _execute_on_connection
    return connection._execute_clauseelement(
D:\Programs\Anaconda\Lib\site-packages\sqlalchemy\engine\base.py:1641: in _execute_clauseelement
    ret = self._execute_context(
D:\Programs\Anaconda\Lib\site-packages\sqlalchemy\engine\base.py:1846: in _execute_context
    return self._exec_single_context(
D:\Programs\Anaconda\Lib\site-packages\sqlalchemy\engine\base.py:1986: in _exec_single_context
    self._handle_dbapi_exception(
D:\Programs\Anaconda\Lib\site-packages\sqlalchemy\engine\base.py:2363: in _handle_dbapi_exception
    raise sqlalchemy_exception.with_traceback(exc_info[2]) from e
D:\Programs\Anaconda\Lib\site-packages\sqlalchemy\engine\base.py:1967: in _exec_single_context
    self.dialect.do_execute(
_ _ _ _ _ _ _ _ _ _ _ _ _ _ _ _ _ _ _ _ _ _ _ _ _ _ _ _ _ _ _ _ _ _ _ _ _ _ _ _

self = <sqlalchemy.dialects.sqlite.pysqlite.SQLiteDialect_pysqlite object at 0x000002A3CFD0AE90>
cursor = <sqlite3.Cursor object at 0x000002A3D009D5C0>
statement = 'INSERT INTO orders (run_id, strategy_id, order_id, parent_order_id, symbol, account_id, side, order_type, time_in_for...tatus, submit_utc, update_utc, client_tag, position_impact) VALUES (?, ?, ?, ?, ?, ?, ?, ?, ?, ?, ?, ?, ?, ?, ?, ?, ?)'
parameters = ('370ba41a-b7dc-4a2e-b2f0-79e9bf3b552f', None, 'ORD_REGIME', None, 'EURUSD', None, ...)
context = <sqlalchemy.dialects.sqlite.base.SQLiteExecutionContext object at 0x000002A3D00BA510>

    def do_execute(self, cursor, statement, parameters, context=None):
>       cursor.execute(statement, parameters)
E       sqlalchemy.exc.IntegrityError: (sqlite3.IntegrityError) NOT NULL constraint failed: orders.order_type
E       [SQL: INSERT INTO orders (run_id, strategy_id, order_id, parent_order_id, symbol, account_id, side, order_type, time_in_force, quantity, price, stop_price, status, submit_utc, update_utc, client_tag, position_impact) VALUES (?, ?, ?, ?, ?, ?, ?, ?, ?, ?, ?, ?, ?, ?, ?, ?, ?)]
E       [parameters: ('370ba41a-b7dc-4a2e-b2f0-79e9bf3b552f', None, 'ORD_REGIME', None, 'EURUSD', None, 'BUY', None, None, 1.0, None, None, 'FILLED', '2026-01-06 13:41:19.454488', None, None, 'UNKNOWN')]
E       (Background on this error at: https://sqlalche.me/e/20/gkpj)

D:\Programs\Anaconda\Lib\site-packages\sqlalchemy\engine\default.py:952: IntegrityError
============================== warnings summary ===============================
packages\quant_shared\src\quant_shared\schemas\schemas.py:38
  D:\Documents\Active\StrategyAnalysisPlatform\Main\packages\quant_shared\src\quant_shared\schemas\schemas.py:38: PydanticDeprecatedSince20: Support for class-based `config` is deprecated, use ConfigDict instead. Deprecated in Pydantic V2.0 to be removed in V3.0. See Pydantic V2 Migration Guide at https://errors.pydantic.dev/2.12/migration/
    class StrategyParameter(BaseModel):

packages\quant_shared\src\quant_shared\schemas\schemas.py:152
  D:\Documents\Active\StrategyAnalysisPlatform\Main\packages\quant_shared\src\quant_shared\schemas\schemas.py:152: PydanticDeprecatedSince20: Support for class-based `config` is deprecated, use ConfigDict instead. Deprecated in Pydantic V2.0 to be removed in V3.0. See Pydantic V2 Migration Guide at https://errors.pydantic.dev/2.12/migration/
    class StrategyResponse(StrategyCreate):

packages\quant_shared\src\quant_shared\schemas\schemas.py:157
  D:\Documents\Active\StrategyAnalysisPlatform\Main\packages\quant_shared\src\quant_shared\schemas\schemas.py:157: PydanticDeprecatedSince20: Support for class-based `config` is deprecated, use ConfigDict instead. Deprecated in Pydantic V2.0 to be removed in V3.0. See Pydantic V2 Migration Guide at https://errors.pydantic.dev/2.12/migration/
    class StrategyInstanceResponse(StrategyInstanceCreate):

packages\quant_shared\src\quant_shared\schemas\schemas.py:162
  D:\Documents\Active\StrategyAnalysisPlatform\Main\packages\quant_shared\src\quant_shared\schemas\schemas.py:162: PydanticDeprecatedSince20: Support for class-based `config` is deprecated, use ConfigDict instead. Deprecated in Pydantic V2.0 to be removed in V3.0. See Pydantic V2 Migration Guide at https://errors.pydantic.dev/2.12/migration/
    class StrategyRunResponse(StrategyRunCreate):

packages\quant_shared\src\quant_shared\schemas\schemas.py:168
  D:\Documents\Active\StrategyAnalysisPlatform\Main\packages\quant_shared\src\quant_shared\schemas\schemas.py:168: PydanticDeprecatedSince20: Support for class-based `config` is deprecated, use ConfigDict instead. Deprecated in Pydantic V2.0 to be removed in V3.0. See Pydantic V2 Migration Guide at https://errors.pydantic.dev/2.12/migration/
    class OrderResponse(OrderCreate):

packages\quant_shared\src\quant_shared\schemas\schemas.py:173
  D:\Documents\Active\StrategyAnalysisPlatform\Main\packages\quant_shared\src\quant_shared\schemas\schemas.py:173: PydanticDeprecatedSince20: Support for class-based `config` is deprecated, use ConfigDict instead. Deprecated in Pydantic V2.0 to be removed in V3.0. See Pydantic V2 Migration Guide at https://errors.pydantic.dev/2.12/migration/
    class ExecutionResponse(ExecutionCreate):

packages\quant_shared\src\quant_shared\schemas\schemas.py:178
  D:\Documents\Active\StrategyAnalysisPlatform\Main\packages\quant_shared\src\quant_shared\schemas\schemas.py:178: PydanticDeprecatedSince20: Support for class-based `config` is deprecated, use ConfigDict instead. Deprecated in Pydantic V2.0 to be removed in V3.0. See Pydantic V2 Migration Guide at https://errors.pydantic.dev/2.12/migration/
    class BarResponse(BaseModel):

services\api_gateway\src\api\routers\trades.py:12
  D:\Documents\Active\StrategyAnalysisPlatform\Main\services\api_gateway\src\api\routers\trades.py:12: PydanticDeprecatedSince20: Support for class-based `config` is deprecated, use ConfigDict instead. Deprecated in Pydantic V2.0 to be removed in V3.0. See Pydantic V2 Migration Guide at https://errors.pydantic.dev/2.12/migration/
    class TradeResponse(BaseModel):

services\api_gateway\src\api\routers\ml_studio.py:29
  D:\Documents\Active\StrategyAnalysisPlatform\Main\services\api_gateway\src\api\routers\ml_studio.py:29: PydanticDeprecatedSince20: Support for class-based `config` is deprecated, use ConfigDict instead. Deprecated in Pydantic V2.0 to be removed in V3.0. See Pydantic V2 Migration Guide at https://errors.pydantic.dev/2.12/migration/
    class SessionResponse(BaseModel):

services\api_gateway\src\api\routers\ml_studio.py:44
  D:\Documents\Active\StrategyAnalysisPlatform\Main\services\api_gateway\src\api\routers\ml_studio.py:44: PydanticDeprecatedSince20: Support for class-based `config` is deprecated, use ConfigDict instead. Deprecated in Pydantic V2.0 to be removed in V3.0. See Pydantic V2 Migration Guide at https://errors.pydantic.dev/2.12/migration/
    class ModelResponse(BaseModel):

services\api_gateway\src\api\routers\ml_studio.py:53
  D:\Documents\Active\StrategyAnalysisPlatform\Main\services\api_gateway\src\api\routers\ml_studio.py:53: PydanticDeprecatedSince20: Support for class-based `config` is deprecated, use ConfigDict instead. Deprecated in Pydantic V2.0 to be removed in V3.0. See Pydantic V2 Migration Guide at https://errors.pydantic.dev/2.12/migration/
    class FunctionResponse(BaseModel):

services\api_gateway\src\api\routers\ml_studio.py:63
  D:\Documents\Active\StrategyAnalysisPlatform\Main\services\api_gateway\src\api\routers\ml_studio.py:63: PydanticDeprecatedSince20: Support for class-based `config` is deprecated, use ConfigDict instead. Deprecated in Pydantic V2.0 to be removed in V3.0. See Pydantic V2 Migration Guide at https://errors.pydantic.dev/2.12/migration/
    class ProcessResponse(BaseModel):

services\api_gateway\src\api\routers\ml_studio.py:79
  D:\Documents\Active\StrategyAnalysisPlatform\Main\services\api_gateway\src\api\routers\ml_studio.py:79: PydanticDeprecatedSince20: Support for class-based `config` is deprecated, use ConfigDict instead. Deprecated in Pydantic V2.0 to be removed in V3.0. See Pydantic V2 Migration Guide at https://errors.pydantic.dev/2.12/migration/
    class IterationResponse(BaseModel):

services\api_gateway\src\api\routers\datasets.py:18
  D:\Documents\Active\StrategyAnalysisPlatform\Main\services\api_gateway\src\api\routers\datasets.py:18: PydanticDeprecatedSince20: Support for class-based `config` is deprecated, use ConfigDict instead. Deprecated in Pydantic V2.0 to be removed in V3.0. See Pydantic V2 Migration Guide at https://errors.pydantic.dev/2.12/migration/
    class DatasetResponse(BaseModel):

services\api_gateway\src\api\routers\datasets.py:137
  D:\Documents\Active\StrategyAnalysisPlatform\Main\services\api_gateway\src\api\routers\datasets.py:137: PydanticDeprecatedSince20: Support for class-based `config` is deprecated, use ConfigDict instead. Deprecated in Pydantic V2.0 to be removed in V3.0. See Pydantic V2 Migration Guide at https://errors.pydantic.dev/2.12/migration/
    class DatasetSampleResponse(BaseModel):

packages\quant_shared\src\quant_shared\schemas\logging.py:5
  D:\Documents\Active\StrategyAnalysisPlatform\Main\packages\quant_shared\src\quant_shared\schemas\logging.py:5: PydanticDeprecatedSince20: Support for class-based `config` is deprecated, use ConfigDict instead. Deprecated in Pydantic V2.0 to be removed in V3.0. See Pydantic V2 Migration Guide at https://errors.pydantic.dev/2.12/migration/
    class LogRecord(BaseModel):

..\..\..\..\Programs\Anaconda\Lib\site-packages\pydantic\_internal\_generate_schema.py:319
  D:\Programs\Anaconda\Lib\site-packages\pydantic\_internal\_generate_schema.py:319: PydanticDeprecatedSince20: `json_encoders` is deprecated. See https://docs.pydantic.dev/2.12/concepts/serialization/#custom-serializers for alternatives. Deprecated in Pydantic V2.0 to be removed in V3.0. See Pydantic V2 Migration Guide at https://errors.pydantic.dev/2.12/migration/
    warnings.warn(

services\api_gateway\src\api\main.py:84
  D:\Documents\Active\StrategyAnalysisPlatform\Main\services\api_gateway\src\api\main.py:84: DeprecationWarning: 
          on_event is deprecated, use lifespan event handlers instead.
  
          Read more about it in the
          [FastAPI docs for Lifespan Events](https://fastapi.tiangolo.com/advanced/events/).
          
    @app.on_event("startup")

..\..\..\..\Programs\Anaconda\Lib\site-packages\fastapi\applications.py:4576
  D:\Programs\Anaconda\Lib\site-packages\fastapi\applications.py:4576: DeprecationWarning: 
          on_event is deprecated, use lifespan event handlers instead.
  
          Read more about it in the
          [FastAPI docs for Lifespan Events](https://fastapi.tiangolo.com/advanced/events/).
          
    return self.router.on_event(event_type)

tests/test_trades.py: 11 warnings
  D:\Programs\Anaconda\Lib\site-packages\sqlalchemy\sql\schema.py:3624: DeprecationWarning: datetime.datetime.utcnow() is deprecated and scheduled for removal in a future version. Use timezone-aware objects to represent datetimes in UTC: datetime.datetime.now(datetime.UTC).
    return util.wrap_callable(lambda ctx: fn(), fn)  # type: ignore

tests/test_trades.py::test_rebuild_trades
  D:\Documents\Active\StrategyAnalysisPlatform\Main\services\api_gateway\tests\test_trades.py:50: DeprecationWarning: datetime.datetime.utcnow() is deprecated and scheduled for removal in a future version. Use timezone-aware objects to represent datetimes in UTC: datetime.datetime.now(datetime.UTC).
    exec_utc=datetime.utcnow() - timedelta(minutes=10),

tests/test_trades.py::test_rebuild_trades
  D:\Documents\Active\StrategyAnalysisPlatform\Main\services\api_gateway\tests\test_trades.py:75: DeprecationWarning: datetime.datetime.utcnow() is deprecated and scheduled for removal in a future version. Use timezone-aware objects to represent datetimes in UTC: datetime.datetime.now(datetime.UTC).
    exec_utc=datetime.utcnow(),

tests/test_trades.py::test_rebuild_trades
  D:\Documents\Active\StrategyAnalysisPlatform\Main\packages\quant_shared\src\quant_shared\core\trade_service.py:162: LegacyAPIWarning: The Query.get() method is considered legacy as of the 1.x series of SQLAlchemy and becomes a legacy construct in 2.0. The method is now available as Session.get() (deprecated since: 2.0) (Background on SQLAlchemy 2.0 at: https://sqlalche.me/e/b8d9)
    run = self.db.query(StrategyRun).get(run_id)

tests/test_trades.py::test_rebuild_trades_with_regime
  D:\Documents\Active\StrategyAnalysisPlatform\Main\services\api_gateway\tests\test_trades.py:142: DeprecationWarning: datetime.datetime.utcnow() is deprecated and scheduled for removal in a future version. Use timezone-aware objects to represent datetimes in UTC: datetime.datetime.now(datetime.UTC).
    base_time = datetime.utcnow()

tests/test_trades.py::test_rebuild_trades_with_regime
  D:\Documents\Active\StrategyAnalysisPlatform\Main\services\api_gateway\tests\conftest.py:52: SAWarning: transaction already deassociated from connection
    transaction.rollback()

-- Docs: https://docs.pytest.org/en/stable/how-to/capture-warnings.html
=========================== short test summary info ===========================
FAILED services\api_gateway\tests\test_trades.py::test_rebuild_trades_with_regime
================== 1 failed, 1 passed, 35 warnings in 0.43s ===================
